// Jest Snapshot v1, https://goo.gl/fbAQLP

exports[`createRoutesFromFiles creates a nested route config 1`] = `
Array [
  Object {
    "element": <About />,
    "path": "about",
  },
  Object {
    "element": <Home />,
    "path": "home",
  },
  Object {
    "children": Array [
      Object {
        "element": <Message />,
        "path": ":messageId",
      },
      Object {
        "element": <MessagesIndex />,
        "path": "/",
      },
      Object {
        "element": <SentMessages />,
        "path": "sent",
      },
    ],
    "element": <Messages />,
    "path": "messages",
  },
  Object {
    "element": <UserDashboard />,
    "path": "users/:userId/dashboard",
  },
]
`;

exports[`createRoutesFromFiles is able to render the result 1`] = `
<div>
  <h1>
    Messages
  </h1>
  <h2>
    Message 
    123
  </h2>
</div>
`;
