// Jest Snapshot v1, https://goo.gl/fbAQLP

exports[`A <ConnectedRouter> with children to render 1`] = `
<div>
  Test
</div>
`;

exports[`A <ConnectedRouter> with no children to render 1`] = `null`;
